// Jest Snapshot v1, https://goo.gl/fbAQLP

exports[`Layout Layout component should render without throwing an error 1`] = `
<IntlProvider
  locale="en"
  messages={
    Object {
      "content": Object {
        "_": Object {
          "card": Object {
            "arrivalTitle": "Arrival",
            "ctaTitle": "Select",
            "departureTitle": "Departure",
          },
          "navCard": Object {
            "todayFlightTitle": "Today's Flights",
            "tomorrowFlightTitle": "Tomorrow's Flights",
            "viewResultsTitle": "View Results",
          },
          "resultsTitle": "Search Results",
          "section": "Flight Routes",
          "title": "Flight Routes",
        },
        "_flight-routes": Object {
          "card": Object {
            "arrivalTitle": "Arrival",
            "ctaTitle": "Select",
            "departureTitle": "Departure",
          },
          "noResultsFound": "No Flight Routes are matching the search criteria. Please try later.",
          "resultsTitle": "Flight Routes - Search Results",
          "section": "Flight Routes",
          "title": "Flight Routes",
        },
        "_home": Object {
          "card": Object {
            "arrivalTitle": "Пребытие",
            "ctaTitle": "Выбирать",
            "departureTitle": "Вылет из",
          },
          "navCard": Object {
            "todayFlightTitle": "Today's Flights",
            "tomorrowFlightTitle": "Tomorrow's Flights",
            "viewResultsTitle": "View Results",
          },
          "resultsTitle": "Flight Routes",
          "section": "Flight Routes",
          "title": "Flight Routes",
        },
        "common": Object {
          "nav": Object {
            "home": "Home",
            "manageBooking": "Manage Booking",
            "myAccount": "My Account",
          },
          "navFooter": Object {},
          "title": "Fly Better",
        },
        "seo": Object {
          "copyright": "© 2021 Airlines. All Rights Reserved.",
          "description": "Flight routes shows possible flights scheduled",
          "htmlClass": "ek",
          "htmlDir": "rtl",
          "keywords": "Flight routes",
          "myLanguageType": "englishUTF8",
        },
      },
    }
  }
>
  <Layout />
</IntlProvider>
`;
